// Jest Snapshot v1, https://goo.gl/fbAQLP

exports[`App matches a snapshot 1`] = `
Array [
  <header>
    <img
      alt="Internet troll"
      src="https://proxy.duckduckgo.com/iu/?u=http%3A%2F%2Fwww.kendavis.com%2Fwordpress%2Fwp-content%2Fuploads%2F2014%2F03%2Ftroll.jpg&f=1"
    />
    <img
      alt="Squawk logo"
      src="https://proxy.duckduckgo.com/iu/?u=http%3A%2F%2Fthereddragoncentre.co.uk%2Fwp-content%2Fthemes%2Fburningred%2Fimages%2Ficons%2Ftwitter-red.png&f=1"
    />
  </header>,
  <main>
    <article>
      <img
        alt="Angry woman with rolling pin"
        src="https://proxy.duckduckgo.com/iu/?u=http%3A%2F%2Fwww.pankypost.com%2Fwp-content%2Fuploads%2F2018%2F06%2Ffattest-woman-angry-image-download-500x333.jpg&f=1"
      />
      <p>
        Bone apple teeth!
      </p>
      <img
        alt="Deep fried rat"
        src="https://proxy.duckduckgo.com/iu/?u=https%3A%2F%2Fwww.wereblog.com%2Fwp-content%2Fuploads%2F2014%2F10%2Fbattered-rat.jpg&f=1"
      />
    </article>
    <article>
      <img
        alt="Korean man in glasses"
        src="https://proxy.duckduckgo.com/iu/?u=http%3A%2F%2Fwww.kpopmusic.com%2Fwp-content%2Fuploads%2F2015%2F09%2Ft-o-p-profile-picture-759x500.jpg&f=1"
      />
      <p>
        Beyonc√® had one of the greatest albums of ALL time!
      </p>
    </article>
    <img
      alt="Button to post a tweet"
      src="https://proxy.duckduckgo.com/iu/?u=http%3A%2F%2Fpngimages.net%2Fsites%2Fdefault%2Ffiles%2Fplus-png-image-68605.png&f=1"
    />
  </main>,
  <footer>
    <nav>
      <a
        href="/home"
      >
        Home
      </a>
      <a
        href="/search"
      >
        Search
      </a>
      <a
        href="/notifications"
      >
        Notifications
      </a>
      <a
        href="/messages"
      >
        Messages
      </a>
    </nav>
  </footer>,
]
`;
